Using default location ~/mne_data for REVE positions...
Using default location ~/mne_data for REVE positions...
{
  "pipeline": "independent",
  "model": {
    "pretrained_name": "brain-bzh/reve-base",
    "frequency_hz": 200.0,
    "mne_n_jobs": -1,
    "bandpass_hz": [
      0.5,
      99.5
    ],
    "notch_hz": null,
    "scaler": "StandardScaler",
    "clamp": 15.0,
    "channel_mapping": "channel_mappings/reve.json",
    "mapped_channel_count": 128,
    "aggregation": "mean",
    "probe": "linear",
    "output_size": 1
  },
  "training": {
    "epochs": 40,
    "batch_size": 64,
    "learning_rate": 0.0001,
    "weight_decay": 0.05,
    "patience": 7,
    "gradient_clip_norm": 1.0,
    "seed": 33,
    "data_seed": 33,
    "device": "cuda",
    "num_workers": 2,
    "prefetch_factor": null,
    "persistent_workers": true,
    "preload_recordings": true,
    "freeze_backbone": false,
    "validate_before_training": true
  },
  "recording_count": 500,
  "window_count": 30000,
  "windows_by_split": {
    "train": 24000,
    "val": 3000,
    "test": 3000
  },
  "channel_count": 129,
  "channel_names": [
    "E1",
    "E2",
    "E3",
    "E4",
    "E5",
    "E6",
    "E7",
    "E8",
    "E9",
    "E10",
    "E11",
    "E12",
    "E13",
    "E14",
    "E15",
    "E16",
    "E17",
    "E18",
    "E19",
    "E20",
    "E21",
    "E22",
    "E23",
    "E24",
    "E25",
    "E26",
    "E27",
    "E28",
    "E29",
    "E30",
    "E31",
    "E32",
    "E33",
    "E34",
    "E35",
    "E36",
    "E37",
    "E38",
    "E39",
    "E40",
    "E41",
    "E42",
    "E43",
    "E44",
    "E45",
    "E46",
    "E47",
    "E48",
    "E49",
    "E50",
    "E51",
    "E52",
    "E53",
    "E54",
    "E55",
    "E56",
    "E57",
    "E58",
    "E59",
    "E60",
    "E61",
    "E62",
    "E63",
    "E64",
    "E65",
    "E66",
    "E67",
    "E68",
    "E69",
    "E70",
    "E71",
    "E72",
    "E73",
    "E74",
    "E75",
    "E76",
    "E77",
    "E78",
    "E79",
    "E80",
    "E81",
    "E82",
    "E83",
    "E84",
    "E85",
    "E86",
    "E87",
    "E88",
    "E89",
    "E90",
    "E91",
    "E92",
    "E93",
    "E94",
    "E95",
    "E96",
    "E97",
    "E98",
    "E99",
    "E100",
    "E101",
    "E102",
    "E103",
    "E104",
    "E105",
    "E106",
    "E107",
    "E108",
    "E109",
    "E110",
    "E111",
    "E112",
    "E113",
    "E114",
    "E115",
    "E116",
    "E117",
    "E118",
    "E119",
    "E120",
    "E121",
    "E122",
    "E123",
    "E124",
    "E125",
    "E126",
    "E127",
    "E128",
    "Cz"
  ],
  "best_epoch": 6,
  "val_pearsonr": 0.612088211936863,
  "test_pearsonr": 0.46350413906547594,
  "test_mse": 11.043121220628025,
  "test_metrics": {
    "mse": 11.043121220628025,
    "rmse": 3.323119200484392,
    "mae": 2.5717103408177695,
    "pearsonr": 0.46350413906547594,
    "r2_score": 0.04558846220690127,
    "normalized_rmse": 0.9769398844315338
  },
  "manifest_path": "/workspace/hbn_subset/age_medium_500_resting_manifest.csv",
  "manifest_sha256": "66f9a041d1ed398bfc2723d7f129c3950681bf7b0adf4346edc038c5bc25e04a",
  "manifest_rows": 500,
  "timings": {
    "preload_s": 0.252512939972803,
    "first_batch_s": 0.38588219694793224,
    "train_s": 2166.3117031226866,
    "validation_s": 81.56054056994617,
    "test_s": 6.375580305000767,
    "train_batches_per_s": 2.250368676387984,
    "completed_epochs": 13.0,
    "total_s": 2275.237113000825
  }
}
